<?xml version="1.0" encoding="UTF-8"?>
<map:map xmlns:map="http://www.indy.com/v2/map" id="_yqObcEApEe2LVIqS0m1iJA" internalVersion="8" tech="resource.tech#_waYSMH8VEd2__Mzb_dB76A?fileId=_waYSMH8VEd2__Mzb_dB76A$type=tech$name=flow?">
  <datastore id="_0OK6cEApEe2LVIqS0m1iJA" alias="dim_geography" dataset="_0OkjEEApEe2LVIqS0m1iJA" ref="resource.md#_33arET5SEe2qsNoEoNlFdg?fileId=_s0M1QD5SEe2qsNoEoNlFdg$type=md$name=dim_geography?" subExpression="[A]">
    <field id="_0OVSgEApEe2LVIqS0m1iJA" enable="true" insert="true" name="geo_city" ref="resource.md#_333XAT5SEe2qsNoEoNlFdg?fileId=_s0M1QD5SEe2qsNoEoNlFdg$type=md$name=geo_city?" update="true">
      <expression id="_vivQoEAqEe2LVIqS0m1iJA" setDescriptorRef="_vin74EAqEe2LVIqS0m1iJA">
        <expression>ref_us_cities.CITY</expression>
      </expression>
    </field>
    <field id="_0OVSgUApEe2LVIqS0m1iJA" enable="true" insert="true" name="geo_state_code" ref="resource.md#_339doD5SEe2qsNoEoNlFdg?fileId=_s0M1QD5SEe2qsNoEoNlFdg$type=md$name=geo_state_code?" update="true">
      <expression id="_viv3sEAqEe2LVIqS0m1iJA" setDescriptorRef="_vin74EAqEe2LVIqS0m1iJA">
        <expression>ref_us_cities.STATE_CODE</expression>
      </expression>
    </field>
    <field id="_0ORBEUApEe2LVIqS0m1iJA" enable="true" insert="true" name="geo_key_id" ref="resource.md#_33oGcD5SEe2qsNoEoNlFdg?fileId=_s0M1QD5SEe2qsNoEoNlFdg$type=md$name=geo_key_id?" update="false" updateKey="false">
      <expression id="_viwewEAqEe2LVIqS0m1iJA" location="TRG" setDescriptorRef="_vin74EAqEe2LVIqS0m1iJA">
        <expression>nextval('hotel_datamart.datamart.seq_geo_key_id')</expression>
      </expression>
    </field>
    <field id="_0OV5kEApEe2LVIqS0m1iJA" enable="true" insert="true" name="geo_state" ref="resource.md#_34CWIT5SEe2qsNoEoNlFdg?fileId=_s0M1QD5SEe2qsNoEoNlFdg$type=md$name=geo_state?" update="true">
      <expression id="_vixF0EAqEe2LVIqS0m1iJA" setDescriptorRef="_vin74EAqEe2LVIqS0m1iJA">
        <expression>ref_us_states.STATE</expression>
      </expression>
    </field>
    <field id="_0OUrcEApEe2LVIqS0m1iJA" enable="true" insert="true" name="geo_zip_code" ref="resource.md#_33vbMT5SEe2qsNoEoNlFdg?fileId=_s0M1QD5SEe2qsNoEoNlFdg$type=md$name=geo_zip_code?" update="true" updateKey="true">
      <expression id="_viyT8EAqEe2LVIqS0m1iJA" setDescriptorRef="_vin74EAqEe2LVIqS0m1iJA">
        <expression>ref_us_cities.ZIP_CODE</expression>
      </expression>
    </field>
    <constraint id="_0OWgoEApEe2LVIqS0m1iJA" name="pk_dim_geography" ref="resource.md#_34K5AD5SEe2qsNoEoNlFdg?fileId=_s0M1QD5SEe2qsNoEoNlFdg$type=md$name=pk_dim_geography?" reject="true"/>
    <setDescriptor id="_vin74EAqEe2LVIqS0m1iJA" label="A"/>
  </datastore>
  <datastore id="_13Ex8EApEe2LVIqS0m1iJA" alias="ref_us_cities" dataset="_2RmKwEApEe2LVIqS0m1iJA" ref="resource.md#_f5e_cEAMEe2U8vhnCytY6A?fileId=_5PO9sDxREe2hvaPj18Ug5Q$type=md$name=ref_us_cities?">
    <field id="_13KRg0ApEe2LVIqS0m1iJA" fullAlias="STATE_CODE" name="STATE_CODE" parent="_13KRgEApEe2LVIqS0m1iJA" ref="resource.md#__wyIMEAMEe2U8vhnCytY6A?fileId=_5PO9sDxREe2hvaPj18Ug5Q$type=md$name=STATE_CODE?"/>
    <field id="_13KRgEApEe2LVIqS0m1iJA" expand="true" name="ref_us_cities" ref="resource.md#_f5e_cEAMEe2U8vhnCytY6A?fileId=_5PO9sDxREe2hvaPj18Ug5Q$type=md$name=ref_us_cities?" updateKey="true"/>
    <field id="_13KRgUApEe2LVIqS0m1iJA" fullAlias="ZIP_CODE" name="ZIP_CODE" parent="_13KRgEApEe2LVIqS0m1iJA" ref="resource.md#_jfsRIEAMEe2U8vhnCytY6A?fileId=_5PO9sDxREe2hvaPj18Ug5Q$type=md$name=ZIP_CODE?"/>
    <field id="_13KRgkApEe2LVIqS0m1iJA" fullAlias="CITY" name="CITY" parent="_13KRgEApEe2LVIqS0m1iJA" ref="resource.md#_jfzl4EAMEe2U8vhnCytY6A?fileId=_5PO9sDxREe2hvaPj18Ug5Q$type=md$name=CITY?"/>
  </datastore>
  <datastore id="_2RjHcEApEe2LVIqS0m1iJA" alias="ref_us_states" dataset="_2RmKwEApEe2LVIqS0m1iJA" ref="resource.md#_IBzmYEAREe2U8vhnCytY6A?fileId=_5PO9sDxREe2hvaPj18Ug5Q$type=md$name=ref_us_states?">
    <field id="_2RjugUApEe2LVIqS0m1iJA" expand="true" name="ref_us_states" ref="resource.md#_IBzmYEAREe2U8vhnCytY6A?fileId=_5PO9sDxREe2hvaPj18Ug5Q$type=md$name=ref_us_states?" updateKey="true"/>
    <field id="_2RkVkUApEe2LVIqS0m1iJA" fullAlias="STATE" name="STATE" parent="_2RjugUApEe2LVIqS0m1iJA" ref="resource.md#_Lg0D5EAREe2U8vhnCytY6A?fileId=_5PO9sDxREe2hvaPj18Ug5Q$type=md$name=STATE?"/>
    <field id="_2RkVkEApEe2LVIqS0m1iJA" name="STATE_UPPER_CASE" parent="_2RjugUApEe2LVIqS0m1iJA" ref="resource.md#_Lg0D4EAREe2U8vhnCytY6A?fileId=_5PO9sDxREe2hvaPj18Ug5Q$type=md$name=STATE_UPPER_CASE?"/>
    <field id="_2RkVkkApEe2LVIqS0m1iJA" fullAlias="STATE_CODE" name="STATE_CODE" parent="_2RjugUApEe2LVIqS0m1iJA" ref="resource.md#_Lg0D6EAREe2U8vhnCytY6A?fileId=_5PO9sDxREe2hvaPj18Ug5Q$type=md$name=STATE_CODE?"/>
  </datastore>
  <join id="_rNu_QEAqEe2LVIqS0m1iJA" location="WRK" left="_13Ex8EApEe2LVIqS0m1iJA" order="10" right="_2RjHcEApEe2LVIqS0m1iJA">
    <expression>ref_us_cities.STATE_CODE = ref_us_states.STATE_CODE</expression>
  </join>
  <template id="_vi6PwEAqEe2LVIqS0m1iJA" name="I_dim_geography" process="resource.proc#_dQ2dRp4SEd6bQIkgWyxFQQ?fileId=_dQ2dRp4SEd6bQIkgWyxFQQ$type=proc$name=INTEGRATION%20PostgreSql?" targetId="_0OK6cEApEe2LVIqS0m1iJA"/>
  <template id="_vlEy8EAqEe2LVIqS0m1iJA" name="L2_dim_geography" process="resource.proc#_a-mEoaIhEd68f8w2ej5O-w?fileId=_a-mEoaIhEd68f8w2ej5O-w$type=proc$name=LOAD%20File%20to%20Rdbms?" sourceId="_2RjHcEApEe2LVIqS0m1iJA" targetId="_0OK6cEApEe2LVIqS0m1iJA"/>
  <template id="_vlVRoEAqEe2LVIqS0m1iJA" name="L1_dim_geography" process="resource.proc#_a-mEoaIhEd68f8w2ej5O-w?fileId=_a-mEoaIhEd68f8w2ej5O-w$type=proc$name=LOAD%20File%20to%20Rdbms?" sourceId="_13Ex8EApEe2LVIqS0m1iJA" targetId="_0OK6cEApEe2LVIqS0m1iJA"/>
  <dataSet id="_0OkjEEApEe2LVIqS0m1iJA">
    <container>_0OK6cEApEe2LVIqS0m1iJA</container>
  </dataSet>
  <dataSet id="_2RmKwEApEe2LVIqS0m1iJA">
    <container>_2RjHcEApEe2LVIqS0m1iJA</container>
    <container>_13Ex8EApEe2LVIqS0m1iJA</container>
  </dataSet>
  <hint>
    <usedField>#_13KRg0ApEe2LVIqS0m1iJA</usedField>
    <usedField>#_13KRgUApEe2LVIqS0m1iJA</usedField>
    <usedField>#_13KRgkApEe2LVIqS0m1iJA</usedField>
    <usedField>#_2RkVkUApEe2LVIqS0m1iJA</usedField>
    <usedField>#_2RkVkkApEe2LVIqS0m1iJA</usedField>
  </hint>
  <diagram><![CDATA[<?xml version="1.0" encoding="UTF-8"?>
<notation:Diagram xmi:version="2.0" xmlns:xmi="http://www.omg.org/XMI" xmlns:xsi="http://www.w3.org/2001/XMLSchema-instance" xmlns:map="http://www.indy.com/v2/map" xmlns:notation="http://www.eclipse.org/gmf/runtime/1.0.1/notation" xsi:schemaLocation="http://www.eclipse.org/gmf/runtime/1.0.1/notation " xmi:id="_yrmUcEApEe2LVIqS0m1iJA" type="Map" measurementUnit="Pixel">
  <children xmi:type="notation:Node" xmi:id="_rSIXEEAqEe2LVIqS0m1iJA" type="2005">
    <styles xmi:type="notation:DescriptionStyle" xmi:id="_rSIXEUAqEe2LVIqS0m1iJA"/>
    <styles xmi:type="notation:FontStyle" xmi:id="_rSIXEkAqEe2LVIqS0m1iJA" fontName="Segoe UI"/>
    <styles xmi:type="notation:FillStyle" xmi:id="_rSIXE0AqEe2LVIqS0m1iJA"/>
    <element xmi:type="map:Join" href="resource.map#_rNu_QEAqEe2LVIqS0m1iJA?fileId=_yqObcEApEe2LVIqS0m1iJA$type=map?"/>
    <layoutConstraint xmi:type="notation:Bounds" xmi:id="_rSIXFEAqEe2LVIqS0m1iJA" x="295" y="150"/>
  </children>
  <children xmi:type="notation:Shape" xmi:id="_13UCgEApEe2LVIqS0m1iJA" type="2004" fontName="Segoe UI">
    <children xmi:type="notation:DecorationNode" xmi:id="_13UpkEApEe2LVIqS0m1iJA" type="5005"/>
    <children xmi:type="notation:DecorationNode" xmi:id="_13UpkUApEe2LVIqS0m1iJA" type="5007"/>
    <children xmi:type="notation:DecorationNode" xmi:id="_13UpkkApEe2LVIqS0m1iJA" type="7003"/>
    <children xmi:type="notation:DecorationNode" xmi:id="_13Upk0ApEe2LVIqS0m1iJA" type="7009"/>
    <children xmi:type="notation:BasicCompartment" xmi:id="_13UplEApEe2LVIqS0m1iJA" type="7004">
      <styles xmi:type="notation:SortingStyle" xmi:id="_13UplUApEe2LVIqS0m1iJA"/>
      <styles xmi:type="notation:FilteringStyle" xmi:id="_13UplkApEe2LVIqS0m1iJA"/>
    </children>
    <children xmi:type="notation:DecorationNode" xmi:id="_13Upl0ApEe2LVIqS0m1iJA" type="5009">
      <styles xmi:type="notation:DrawerStyle" xmi:id="_13VQoEApEe2LVIqS0m1iJA"/>
    </children>
    <children xmi:type="notation:DecorationNode" xmi:id="_13VQoUApEe2LVIqS0m1iJA" type="7005">
      <styles xmi:type="notation:SortingStyle" xmi:id="_13VQokApEe2LVIqS0m1iJA"/>
      <styles xmi:type="notation:FilteringStyle" xmi:id="_13VQo0ApEe2LVIqS0m1iJA"/>
    </children>
    <children xmi:type="notation:BasicCompartment" xmi:id="_13VQpEApEe2LVIqS0m1iJA" type="7007"/>
    <element xmi:type="map:Datastore" href="resource.map#_13Ex8EApEe2LVIqS0m1iJA?fileId=_yqObcEApEe2LVIqS0m1iJA$type=map?"/>
    <layoutConstraint xmi:type="notation:Bounds" xmi:id="_13UCgUApEe2LVIqS0m1iJA" x="30" y="30"/>
  </children>
  <children xmi:type="notation:Shape" xmi:id="_2RtfgEApEe2LVIqS0m1iJA" type="2004" fontName="Segoe UI">
    <children xmi:type="notation:DecorationNode" xmi:id="_2RuGkEApEe2LVIqS0m1iJA" type="5005"/>
    <children xmi:type="notation:DecorationNode" xmi:id="_2RuGkUApEe2LVIqS0m1iJA" type="5007"/>
    <children xmi:type="notation:DecorationNode" xmi:id="_2RuGkkApEe2LVIqS0m1iJA" type="7003"/>
    <children xmi:type="notation:DecorationNode" xmi:id="_2RuGk0ApEe2LVIqS0m1iJA" type="7009"/>
    <children xmi:type="notation:BasicCompartment" xmi:id="_2RuGlEApEe2LVIqS0m1iJA" type="7004">
      <styles xmi:type="notation:SortingStyle" xmi:id="_2RuGlUApEe2LVIqS0m1iJA"/>
      <styles xmi:type="notation:FilteringStyle" xmi:id="_2RuGlkApEe2LVIqS0m1iJA"/>
    </children>
    <children xmi:type="notation:DecorationNode" xmi:id="_2RuGl0ApEe2LVIqS0m1iJA" type="5009">
      <styles xmi:type="notation:DrawerStyle" xmi:id="_2RuGmEApEe2LVIqS0m1iJA"/>
    </children>
    <children xmi:type="notation:DecorationNode" xmi:id="_2RuGmUApEe2LVIqS0m1iJA" type="7005">
      <styles xmi:type="notation:SortingStyle" xmi:id="_2RuGmkApEe2LVIqS0m1iJA"/>
      <styles xmi:type="notation:FilteringStyle" xmi:id="_2RuGm0ApEe2LVIqS0m1iJA"/>
    </children>
    <children xmi:type="notation:BasicCompartment" xmi:id="_2RuGnEApEe2LVIqS0m1iJA" type="7007"/>
    <element xmi:type="map:Datastore" href="resource.map#_2RjHcEApEe2LVIqS0m1iJA?fileId=_yqObcEApEe2LVIqS0m1iJA$type=map?"/>
    <layoutConstraint xmi:type="notation:Bounds" xmi:id="_2RtfgUApEe2LVIqS0m1iJA" x="30" y="193"/>
  </children>
  <children xmi:type="notation:Shape" xmi:id="_0O0asEApEe2LVIqS0m1iJA" type="2004" fontName="Segoe UI">
    <children xmi:type="notation:DecorationNode" xmi:id="_0O1BwEApEe2LVIqS0m1iJA" type="5005"/>
    <children xmi:type="notation:DecorationNode" xmi:id="_0O1BwUApEe2LVIqS0m1iJA" type="5007"/>
    <children xmi:type="notation:DecorationNode" xmi:id="_0O1o0EApEe2LVIqS0m1iJA" type="7003"/>
    <children xmi:type="notation:DecorationNode" xmi:id="_0O1o0UApEe2LVIqS0m1iJA" type="7009"/>
    <children xmi:type="notation:BasicCompartment" xmi:id="_0O1o0kApEe2LVIqS0m1iJA" type="7004">
      <styles xmi:type="notation:SortingStyle" xmi:id="_0O1o00ApEe2LVIqS0m1iJA"/>
      <styles xmi:type="notation:FilteringStyle" xmi:id="_0O1o1EApEe2LVIqS0m1iJA"/>
    </children>
    <children xmi:type="notation:DecorationNode" xmi:id="_0O1o1UApEe2LVIqS0m1iJA" type="5009">
      <styles xmi:type="notation:DrawerStyle" xmi:id="_0O1o1kApEe2LVIqS0m1iJA"/>
    </children>
    <children xmi:type="notation:DecorationNode" xmi:id="_0O1o10ApEe2LVIqS0m1iJA" type="7005">
      <styles xmi:type="notation:SortingStyle" xmi:id="_0O1o2EApEe2LVIqS0m1iJA"/>
      <styles xmi:type="notation:FilteringStyle" xmi:id="_0O1o2UApEe2LVIqS0m1iJA"/>
    </children>
    <children xmi:type="notation:BasicCompartment" xmi:id="_0O-LsEApEe2LVIqS0m1iJA" type="7007"/>
    <children xmi:type="notation:DecorationNode" xmi:id="_0O-ywEApEe2LVIqS0m1iJA" type="5009">
      <styles xmi:type="notation:DrawerStyle" xmi:id="_0O-ywUApEe2LVIqS0m1iJA"/>
    </children>
    <element xmi:type="map:Datastore" href="resource.map#_0OK6cEApEe2LVIqS0m1iJA?fileId=_yqObcEApEe2LVIqS0m1iJA$type=map?"/>
    <layoutConstraint xmi:type="notation:Bounds" xmi:id="_0O0asUApEe2LVIqS0m1iJA" x="389" y="103"/>
  </children>
  <styles xmi:type="notation:DiagramStyle" xmi:id="_yrmUcUApEe2LVIqS0m1iJA"/>
  <element xmi:type="map:Map" href="resource.map#_yqObcEApEe2LVIqS0m1iJA?fileId=_yqObcEApEe2LVIqS0m1iJA$type=map$name=Load%20DIM_GEOGRAPHY?"/>
  <edges xmi:type="notation:Edge" xmi:id="_rSe8YEAqEe2LVIqS0m1iJA" type="joinLink" source="_rSIXEEAqEe2LVIqS0m1iJA" target="_13UCgEApEe2LVIqS0m1iJA">
    <element xsi:nil="true"/>
    <bendpoints xmi:type="notation:RelativeBendpoints" xmi:id="_rSe8YUAqEe2LVIqS0m1iJA" points="[17, 0, 347, 74]$[77, 0, 407, 74]"/>
    <sourceAnchor xmi:type="notation:IdentityAnchor" xmi:id="_y66tYEAqEe2LVIqS0m1iJA" id="(1.0,0.48)"/>
    <targetAnchor xmi:type="notation:IdentityAnchor" xmi:id="_y66tYUAqEe2LVIqS0m1iJA" id="(1.0,0.8640776699029126)"/>
  </edges>
  <edges xmi:type="notation:Edge" xmi:id="_rSgxkEAqEe2LVIqS0m1iJA" type="joinLink" source="_rSIXEEAqEe2LVIqS0m1iJA" target="_2RtfgEApEe2LVIqS0m1iJA">
    <element xsi:nil="true"/>
    <bendpoints xmi:type="notation:RelativeBendpoints" xmi:id="_rSgxkUAqEe2LVIqS0m1iJA" points="[17, 0, 352, -64]$[77, 0, 412, -64]"/>
    <sourceAnchor xmi:type="notation:IdentityAnchor" xmi:id="_y65fQEAqEe2LVIqS0m1iJA" id="(1.0,0.48)"/>
    <targetAnchor xmi:type="notation:IdentityAnchor" xmi:id="_y66GUEAqEe2LVIqS0m1iJA" id="(1.0,0.1262135922330097)"/>
  </edges>
  <edges xmi:type="notation:Edge" xmi:id="_vkrKUEAqEe2LVIqS0m1iJA" type="targetLink" source="_0O0asEApEe2LVIqS0m1iJA" target="_13UCgEApEe2LVIqS0m1iJA">
    <element xsi:nil="true"/>
    <bendpoints xmi:type="notation:RelativeBendpoints" xmi:id="_vkrKUUAqEe2LVIqS0m1iJA" points="[0, 0, 191, 26]$[-61, -26, 130, 0]$[-191, -26, 0, 0]"/>
    <sourceAnchor xmi:type="notation:IdentityAnchor" xmi:id="_y68ikEAqEe2LVIqS0m1iJA" id="(0.0,0.24369747899159663)"/>
    <targetAnchor xmi:type="notation:IdentityAnchor" xmi:id="_y68ikUAqEe2LVIqS0m1iJA" id="(1.0,0.7378640776699029)"/>
  </edges>
  <edges xmi:type="notation:Edge" xmi:id="_vku0sEAqEe2LVIqS0m1iJA" type="targetDataSetLink" source="_0O0asEApEe2LVIqS0m1iJA" target="_0O0asEApEe2LVIqS0m1iJA">
    <element xmi:type="map:DataSet" href="resource.map#_2RmKwEApEe2LVIqS0m1iJA?fileId=_yqObcEApEe2LVIqS0m1iJA$type=map?"/>
    <bendpoints xmi:type="notation:RelativeBendpoints" xmi:id="_vkvbwEAqEe2LVIqS0m1iJA" points="[0, 0, 0, 0]$[0, 0, 0, 0]"/>
  </edges>
  <edges xmi:type="notation:Edge" xmi:id="_vkwp4EAqEe2LVIqS0m1iJA" type="targetSetLink" source="_0O0asEApEe2LVIqS0m1iJA" target="_0O0asEApEe2LVIqS0m1iJA">
    <element xmi:type="map:SetDescriptor" href="resource.map#_vin74EAqEe2LVIqS0m1iJA?fileId=_yqObcEApEe2LVIqS0m1iJA$type=map?"/>
    <bendpoints xmi:type="notation:RelativeBendpoints" xmi:id="_vkwp4UAqEe2LVIqS0m1iJA" points="[0, 0, 0, 0]$[0, 0, 0, 0]"/>
  </edges>
  <edges xmi:type="notation:Edge" xmi:id="_x5GrEEAqEe2LVIqS0m1iJA" type="targetLink" source="_0O0asEApEe2LVIqS0m1iJA" target="_2RtfgEApEe2LVIqS0m1iJA">
    <element xsi:nil="true"/>
    <bendpoints xmi:type="notation:RelativeBendpoints" xmi:id="_x5GrEUAqEe2LVIqS0m1iJA" points="[0, 0, 154, -27]$[-61, 27, 93, 0]$[-154, 27, 0, 0]"/>
    <sourceAnchor xmi:type="notation:IdentityAnchor" xmi:id="_y69JoEAqEe2LVIqS0m1iJA" id="(0.0,0.7478991596638656)"/>
    <targetAnchor xmi:type="notation:IdentityAnchor" xmi:id="_y69wsEAqEe2LVIqS0m1iJA" id="(1.0,0.2524271844660194)"/>
  </edges>
</notation:Diagram>
]]></diagram>
</map:map>