<?xml version="1.0" encoding="UTF-8"?>
<map:map xmlns:map="http://www.indy.com/v2/map" id="_NmV7EEKEEe2DxK0TdYeneQ" internalVersion="8" tech="resource.tech#_waYSMH8VEd2__Mzb_dB76A?fileId=_waYSMH8VEd2__Mzb_dB76A$type=tech$name=flow?">
  <datastore id="_reTz4EKFEe2DxK0TdYeneQ" alias="dim_customer" dataset="_rext8EKFEe2DxK0TdYeneQ" ref="resource.md#_36emID5SEe2qsNoEoNlFdg?fileId=_s0M1QD5SEe2qsNoEoNlFdg$type=md$name=dim_customer?" subExpression="[A]">
    <field id="_rec90EKFEe2DxK0TdYeneQ" enable="true" insert="true" name="cus_title" ref="resource.md#_363nsT5SEe2qsNoEoNlFdg?fileId=_s0M1QD5SEe2qsNoEoNlFdg$type=md$name=cus_title?" update="true">
      <expression id="_6UcsQEKGEe2DxK0TdYeneQ" setDescriptorRef="_6UWloEKGEe2DxK0TdYeneQ">
        <expression>T_TITLE.TIT_NAME</expression>
      </expression>
    </field>
    <field id="_reeL8EKFEe2DxK0TdYeneQ" enable="true" insert="true" name="cus_company" ref="resource.md#_37G4QT5SEe2qsNoEoNlFdg?fileId=_s0M1QD5SEe2qsNoEoNlFdg$type=md$name=cus_company?" update="true">
      <expression id="_6Ud6YEKGEe2DxK0TdYeneQ" setDescriptorRef="_6UWloEKGEe2DxK0TdYeneQ">
        <expression>T_CUSTOMER.CUS_COMPANY</expression>
      </expression>
    </field>
    <field id="_reezAEKFEe2DxK0TdYeneQ" enable="true" insert="true" name="geo_key_id" ref="resource.md#_37O0ET5SEe2qsNoEoNlFdg?fileId=_s0M1QD5SEe2qsNoEoNlFdg$type=md$name=geo_key_id?" update="true">
      <expression id="_6UehcEKGEe2DxK0TdYeneQ" setDescriptorRef="_6UWloEKGEe2DxK0TdYeneQ">
        <expression>dim_geography.geo_key_id</expression>
      </expression>
    </field>
    <field id="_refaEEKFEe2DxK0TdYeneQ" enable="true" name="cus_vip" ref="resource.md#_37XW8D5SEe2qsNoEoNlFdg?fileId=_s0M1QD5SEe2qsNoEoNlFdg$type=md$name=cus_vip?">
      <expression id="_6UfIgEKGEe2DxK0TdYeneQ" setDescriptorRef="_6UWloEKGEe2DxK0TdYeneQ">
        <expression></expression>
      </expression>
    </field>
    <field id="_regBIEKFEe2DxK0TdYeneQ" enable="true" insert="true" name="update_date" ref="resource.md#_37fSwT5SEe2qsNoEoNlFdg?fileId=_s0M1QD5SEe2qsNoEoNlFdg$type=md$name=update_date?" update="true">
      <expression id="_6UfvkEKGEe2DxK0TdYeneQ" location="TRG" setDescriptorRef="_6UWloEKGEe2DxK0TdYeneQ">
        <expression>current_timestamp</expression>
      </expression>
    </field>
    <field id="_redk4EKFEe2DxK0TdYeneQ" enable="true" insert="true" name="cus_name" ref="resource.md#_36-8cD5SEe2qsNoEoNlFdg?fileId=_s0M1QD5SEe2qsNoEoNlFdg$type=md$name=cus_name?" update="true">
      <expression id="_6UgWoEKGEe2DxK0TdYeneQ" setDescriptorRef="_6UWloEKGEe2DxK0TdYeneQ">
        <expression>cf_cus_name.Name</expression>
      </expression>
    </field>
    <field id="_reahkEKFEe2DxK0TdYeneQ" enable="true" insert="true" name="cus_id" ref="resource.md#_36vE0D5SEe2qsNoEoNlFdg?fileId=_s0M1QD5SEe2qsNoEoNlFdg$type=md$name=cus_id?" update="true" updateKey="true">
      <expression id="_6Ug9sEKGEe2DxK0TdYeneQ" setDescriptorRef="_6UWloEKGEe2DxK0TdYeneQ">
        <expression>T_CUSTOMER.CUS_ID</expression>
      </expression>
    </field>
    <constraint id="_regoMEKFEe2DxK0TdYeneQ" name="fk_dim_customer_geo" ref="resource.md#_4GV34D5SEe2qsNoEoNlFdg?fileId=_s0M1QD5SEe2qsNoEoNlFdg$type=md$name=fk_dim_customer_geo?" reject="true"/>
    <constraint id="_rehPQEKFEe2DxK0TdYeneQ" name="pk_dim_customer" ref="resource.md#_37vxcD5SEe2qsNoEoNlFdg?fileId=_s0M1QD5SEe2qsNoEoNlFdg$type=md$name=pk_dim_customer?" reject="true"/>
    <setDescriptor id="_6UWloEKGEe2DxK0TdYeneQ" label="A"/>
  </datastore>
  <datastore id="_p4fQIEKGEe2DxK0TdYeneQ" alias="T_CUSTOMER" computedAlias="cf_cus_name" dataset="_qZBKUEKGEe2DxK0TdYeneQ" ref="resource.md#_jQjfgD54Ee2qsNoEoNlFdg?fileId=_eu0ZsD54Ee2qsNoEoNlFdg$type=md$name=T_CUSTOMER?">
    <field id="_p4hsYEKGEe2DxK0TdYeneQ" fullAlias="TIT_CODE" name="TIT_CODE" ref="resource.md#_jQueoD54Ee2qsNoEoNlFdg?fileId=_eu0ZsD54Ee2qsNoEoNlFdg$type=md$name=TIT_CODE?"/>
    <field id="_p4jhkEKGEe2DxK0TdYeneQ" name="CUS_BIRTH_DATE" ref="resource.md#_jQw64D54Ee2qsNoEoNlFdg?fileId=_eu0ZsD54Ee2qsNoEoNlFdg$type=md$name=CUS_BIRTH_DATE?"/>
    <field id="_p4iTcEKGEe2DxK0TdYeneQ" fullAlias="CUS_LAST_NAME" name="CUS_LAST_NAME" ref="resource.md#_jQvFsD54Ee2qsNoEoNlFdg?fileId=_eu0ZsD54Ee2qsNoEoNlFdg$type=md$name=CUS_LAST_NAME?"/>
    <field id="_p4i6gUKGEe2DxK0TdYeneQ" fullAlias="CUS_COMPANY" name="CUS_COMPANY" ref="resource.md#_jQwT0D54Ee2qsNoEoNlFdg?fileId=_eu0ZsD54Ee2qsNoEoNlFdg$type=md$name=CUS_COMPANY?"/>
    <field id="_p4geQUKGEe2DxK0TdYeneQ" fullAlias="CUS_ID" name="CUS_ID" ref="resource.md#_jQtQgD54Ee2qsNoEoNlFdg?fileId=_eu0ZsD54Ee2qsNoEoNlFdg$type=md$name=CUS_ID?" updateKey="true"/>
    <field id="_p4i6gEKGEe2DxK0TdYeneQ" fullAlias="CUS_FIRST_NAME" name="CUS_FIRST_NAME" ref="resource.md#_jQvswD54Ee2qsNoEoNlFdg?fileId=_eu0ZsD54Ee2qsNoEoNlFdg$type=md$name=CUS_FIRST_NAME?"/>
    <constraint id="_p4kIoEKGEe2DxK0TdYeneQ" name="FK_CUSTOMER_TITLE" ref="resource.md#_jUAcID54Ee2qsNoEoNlFdg?fileId=_eu0ZsD54Ee2qsNoEoNlFdg$type=md$name=FK_CUSTOMER_TITLE?" reject="true"/>
    <constraint id="_p4kvsEKGEe2DxK0TdYeneQ" name="PK_T_CUSTOMER" ref="resource.md#_jQ1MUD54Ee2qsNoEoNlFdg?fileId=_eu0ZsD54Ee2qsNoEoNlFdg$type=md$name=PK_T_CUSTOMER?" reject="true"/>
    <computedField id="_wBbVkEKMEe2DxK0TdYeneQ" alias="LastName">
      <formula>upper(trim(T_CUSTOMER.CUS_LAST_NAME))</formula>
    </computedField>
    <computedField id="_hkc5MEKNEe2DxK0TdYeneQ" alias="FirstName">
      <formula>trim(T_CUSTOMER.CUS_FIRST_NAME)</formula>
    </computedField>
    <computedField id="_h3OrQEKNEe2DxK0TdYeneQ" alias="Name">
      <formula>cf_cus_name.FirstName + '' + cf_cus_name.LastName</formula>
    </computedField>
  </datastore>
  <datastore id="_qY1kIEKGEe2DxK0TdYeneQ" alias="T_ADDRESS" dataset="_qZBKUEKGEe2DxK0TdYeneQ" ref="resource.md#_jQ8hED54Ee2qsNoEoNlFdg?fileId=_eu0ZsD54Ee2qsNoEoNlFdg$type=md$name=T_ADDRESS?">
    <field id="_qY6coEKGEe2DxK0TdYeneQ" name="ADR_LINE4" ref="resource.md#_jRKjgD54Ee2qsNoEoNlFdg?fileId=_eu0ZsD54Ee2qsNoEoNlFdg$type=md$name=ADR_LINE4?"/>
    <field id="_qY2LMUKGEe2DxK0TdYeneQ" name="ADR_ID" ref="resource.md#_jRHgMD54Ee2qsNoEoNlFdg?fileId=_eu0ZsD54Ee2qsNoEoNlFdg$type=md$name=ADR_ID?" updateKey="true"/>
    <field id="_qY844EKGEe2DxK0TdYeneQ" name="ADR_LAT" ref="resource.md#_jRMYtz54Ee2qsNoEoNlFdg?fileId=_eu0ZsD54Ee2qsNoEoNlFdg$type=md$name=ADR_LAT?"/>
    <field id="_qY7DsEKGEe2DxK0TdYeneQ" fullAlias="ADR_ZIP_CODE" name="ADR_ZIP_CODE" ref="resource.md#_jRLKkD54Ee2qsNoEoNlFdg?fileId=_eu0ZsD54Ee2qsNoEoNlFdg$type=md$name=ADR_ZIP_CODE?"/>
    <field id="_qY8R0EKGEe2DxK0TdYeneQ" name="ADR_STATE_CODE" ref="resource.md#_jRMYsD54Ee2qsNoEoNlFdg?fileId=_eu0ZsD54Ee2qsNoEoNlFdg$type=md$name=ADR_STATE_CODE?"/>
    <field id="_qY4AYEKGEe2DxK0TdYeneQ" name="ADR_LINE1" ref="resource.md#_jRIuUD54Ee2qsNoEoNlFdg?fileId=_eu0ZsD54Ee2qsNoEoNlFdg$type=md$name=ADR_LINE1?"/>
    <field id="_qY7qwEKGEe2DxK0TdYeneQ" name="ADR_CITY" ref="resource.md#_jRLxoD54Ee2qsNoEoNlFdg?fileId=_eu0ZsD54Ee2qsNoEoNlFdg$type=md$name=ADR_CITY?"/>
    <field id="_qY3ZUEKGEe2DxK0TdYeneQ" fullAlias="CUS_ID" name="CUS_ID" ref="resource.md#_jRIHQD54Ee2qsNoEoNlFdg?fileId=_eu0ZsD54Ee2qsNoEoNlFdg$type=md$name=CUS_ID?"/>
    <field id="_qY5OgEKGEe2DxK0TdYeneQ" name="ADR_LINE3" ref="resource.md#_jRJ8cD54Ee2qsNoEoNlFdg?fileId=_eu0ZsD54Ee2qsNoEoNlFdg$type=md$name=ADR_LINE3?"/>
    <field id="_qY4ncEKGEe2DxK0TdYeneQ" name="ADR_LINE2" ref="resource.md#_jRJVYD54Ee2qsNoEoNlFdg?fileId=_eu0ZsD54Ee2qsNoEoNlFdg$type=md$name=ADR_LINE2?"/>
    <field id="_qY9f8EKGEe2DxK0TdYeneQ" name="ADR_LON" ref="resource.md#_jRM_wj54Ee2qsNoEoNlFdg?fileId=_eu0ZsD54Ee2qsNoEoNlFdg$type=md$name=ADR_LON?"/>
    <constraint id="_qY-HAEKGEe2DxK0TdYeneQ" name="FK_ADDRESS_CUSTOMER" ref="resource.md#_jUF7sD54Ee2qsNoEoNlFdg?fileId=_eu0ZsD54Ee2qsNoEoNlFdg$type=md$name=FK_ADDRESS_CUSTOMER?" reject="true"/>
    <constraint id="_qY-HAUKGEe2DxK0TdYeneQ" name="PK_T_ADDRESS" ref="resource.md#_jRTGYD54Ee2qsNoEoNlFdg?fileId=_eu0ZsD54Ee2qsNoEoNlFdg$type=md$name=PK_T_ADDRESS?" reject="true"/>
  </datastore>
  <datastore id="_s5XnMEKGEe2DxK0TdYeneQ" alias="T_TITLE" dataset="_qZBKUEKGEe2DxK0TdYeneQ" ref="resource.md#_jOSOoD54Ee2qsNoEoNlFdg?fileId=_eu0ZsD54Ee2qsNoEoNlFdg$type=md$name=T_TITLE?">
    <field id="_s5Y1UUKGEe2DxK0TdYeneQ" fullAlias="TIT_CODE" name="TIT_CODE" ref="resource.md#_jOjUYD54Ee2qsNoEoNlFdg?fileId=_eu0ZsD54Ee2qsNoEoNlFdg$type=md$name=TIT_CODE?" updateKey="true"/>
    <field id="_s5aDcEKGEe2DxK0TdYeneQ" fullAlias="TIT_NAME" name="TIT_NAME" ref="resource.md#_jOj7cD54Ee2qsNoEoNlFdg?fileId=_eu0ZsD54Ee2qsNoEoNlFdg$type=md$name=TIT_NAME?"/>
    <constraint id="_s5aqgEKGEe2DxK0TdYeneQ" name="PK_T_TITLE" ref="resource.md#_jOtscD54Ee2qsNoEoNlFdg?fileId=_eu0ZsD54Ee2qsNoEoNlFdg$type=md$name=PK_T_TITLE?" reject="true"/>
  </datastore>
  <datastore id="_t8B-EEKGEe2DxK0TdYeneQ" alias="dim_geography" dataset="_qZBKUEKGEe2DxK0TdYeneQ" ref="resource.md#_33arET5SEe2qsNoEoNlFdg?fileId=_s0M1QD5SEe2qsNoEoNlFdg$type=md$name=dim_geography?">
    <field id="_t8DMMEKGEe2DxK0TdYeneQ" fullAlias="geo_key_id" name="geo_key_id" ref="resource.md#_33oGcD5SEe2qsNoEoNlFdg?fileId=_s0M1QD5SEe2qsNoEoNlFdg$type=md$name=geo_key_id?" updateKey="true"/>
    <field id="_t8DzQEKGEe2DxK0TdYeneQ" name="geo_city" ref="resource.md#_333XAT5SEe2qsNoEoNlFdg?fileId=_s0M1QD5SEe2qsNoEoNlFdg$type=md$name=geo_city?"/>
    <field id="_t8DMMUKGEe2DxK0TdYeneQ" fullAlias="geo_zip_code" name="geo_zip_code" ref="resource.md#_33vbMT5SEe2qsNoEoNlFdg?fileId=_s0M1QD5SEe2qsNoEoNlFdg$type=md$name=geo_zip_code?"/>
    <field id="_t8FBYEKGEe2DxK0TdYeneQ" name="geo_state" ref="resource.md#_34CWIT5SEe2qsNoEoNlFdg?fileId=_s0M1QD5SEe2qsNoEoNlFdg$type=md$name=geo_state?"/>
    <field id="_t8EaUEKGEe2DxK0TdYeneQ" name="geo_state_code" ref="resource.md#_339doD5SEe2qsNoEoNlFdg?fileId=_s0M1QD5SEe2qsNoEoNlFdg$type=md$name=geo_state_code?"/>
    <constraint id="_t8FBYUKGEe2DxK0TdYeneQ" name="pk_dim_geography" ref="resource.md#_34K5AD5SEe2qsNoEoNlFdg?fileId=_s0M1QD5SEe2qsNoEoNlFdg$type=md$name=pk_dim_geography?" reject="true"/>
  </datastore>
  <join id="_zXeTEEKGEe2DxK0TdYeneQ" location="SRC" joinType="Left_Join" left="_p4fQIEKGEe2DxK0TdYeneQ" order="10" right="_qY1kIEKGEe2DxK0TdYeneQ">
    <expression>T_CUSTOMER.CUS_ID = T_ADDRESS.CUS_ID</expression>
  </join>
  <join id="_0pVjkEKGEe2DxK0TdYeneQ" location="SRC" joinType="Left_Join" left="_p4fQIEKGEe2DxK0TdYeneQ" order="30" right="_s5XnMEKGEe2DxK0TdYeneQ">
    <expression>T_CUSTOMER.TIT_CODE = T_TITLE.TIT_CODE</expression>
  </join>
  <join id="_12i9kEKGEe2DxK0TdYeneQ" location="WRK" joinType="Left_Join" left="_qY1kIEKGEe2DxK0TdYeneQ" order="50" right="_t8B-EEKGEe2DxK0TdYeneQ">
    <expression>T_ADDRESS.ADR_ZIP_CODE = dim_geography.geo_zip_code</expression>
  </join>
  <template id="_6UpgkEKGEe2DxK0TdYeneQ" name="I_dim_customer" process="resource.proc#_dQ2dRp4SEd6bQIkgWyxFQQ?fileId=_dQ2dRp4SEd6bQIkgWyxFQQ$type=proc$name=INTEGRATION%20PostgreSql?" targetId="_reTz4EKFEe2DxK0TdYeneQ"/>
  <template id="_6WxngEKGEe2DxK0TdYeneQ" name="L1_dim_customer" process="resource.proc#_aafbe681-11ab-4ebc-ab56-de794128c580?fileId=_aafbe681-11ab-4ebc-ab56-de794128c580$type=proc$name=LOAD%20Rdbms%20to%20Rdbms?" sourceId="_p4fQIEKGEe2DxK0TdYeneQ _qY1kIEKGEe2DxK0TdYeneQ _s5XnMEKGEe2DxK0TdYeneQ" targetId="_reTz4EKFEe2DxK0TdYeneQ"/>
  <dataSet id="_rext8EKFEe2DxK0TdYeneQ">
    <container>_reTz4EKFEe2DxK0TdYeneQ</container>
  </dataSet>
  <dataSet id="_qZBKUEKGEe2DxK0TdYeneQ">
    <container>_qY1kIEKGEe2DxK0TdYeneQ</container>
    <container>_p4fQIEKGEe2DxK0TdYeneQ</container>
    <container>_s5XnMEKGEe2DxK0TdYeneQ</container>
    <container>_t8B-EEKGEe2DxK0TdYeneQ</container>
  </dataSet>
  <hint>
    <usedField>#_p4hsYEKGEe2DxK0TdYeneQ</usedField>
    <usedField>#_p4iTcEKGEe2DxK0TdYeneQ</usedField>
    <usedField>#_p4i6gUKGEe2DxK0TdYeneQ</usedField>
    <usedField>#_p4geQUKGEe2DxK0TdYeneQ</usedField>
    <usedField>#_p4i6gEKGEe2DxK0TdYeneQ</usedField>
    <usedField>#_qY7DsEKGEe2DxK0TdYeneQ</usedField>
    <usedField>#_qY3ZUEKGEe2DxK0TdYeneQ</usedField>
    <usedField>#_s5Y1UUKGEe2DxK0TdYeneQ</usedField>
    <usedField>#_s5aDcEKGEe2DxK0TdYeneQ</usedField>
    <usedField>#_t8DMMEKGEe2DxK0TdYeneQ</usedField>
    <usedField>#_t8DMMUKGEe2DxK0TdYeneQ</usedField>
  </hint>
  <diagram><![CDATA[<?xml version="1.0" encoding="UTF-8"?>
<notation:Diagram xmi:version="2.0" xmlns:xmi="http://www.omg.org/XMI" xmlns:xsi="http://www.w3.org/2001/XMLSchema-instance" xmlns:map="http://www.indy.com/v2/map" xmlns:notation="http://www.eclipse.org/gmf/runtime/1.0.1/notation" xsi:schemaLocation="http://www.eclipse.org/gmf/runtime/1.0.1/notation " xmi:id="_N9B8wEKEEe2DxK0TdYeneQ" type="Map" measurementUnit="Pixel">
  <children xmi:type="notation:Node" xmi:id="_13RWUEKGEe2DxK0TdYeneQ" type="2005">
    <styles xmi:type="notation:DescriptionStyle" xmi:id="_13RWUUKGEe2DxK0TdYeneQ"/>
    <styles xmi:type="notation:FontStyle" xmi:id="_13RWUkKGEe2DxK0TdYeneQ" fontName="Segoe UI"/>
    <styles xmi:type="notation:FillStyle" xmi:id="_13RWU0KGEe2DxK0TdYeneQ"/>
    <element xmi:type="map:Join" href="resource.map#_12i9kEKGEe2DxK0TdYeneQ?fileId=_NmV7EEKEEe2DxK0TdYeneQ$type=map?"/>
    <layoutConstraint xmi:type="notation:Bounds" xmi:id="_13RWVEKGEe2DxK0TdYeneQ" x="719" y="127"/>
  </children>
  <children xmi:type="notation:Node" xmi:id="_zc4XgEKGEe2DxK0TdYeneQ" type="2005">
    <styles xmi:type="notation:DescriptionStyle" xmi:id="_zc4XgUKGEe2DxK0TdYeneQ"/>
    <styles xmi:type="notation:FontStyle" xmi:id="_zc4XgkKGEe2DxK0TdYeneQ" fontName="Segoe UI"/>
    <styles xmi:type="notation:FillStyle" xmi:id="_zc4Xg0KGEe2DxK0TdYeneQ"/>
    <element xmi:type="map:Join" href="resource.map#_zXeTEEKGEe2DxK0TdYeneQ?fileId=_NmV7EEKEEe2DxK0TdYeneQ$type=map?"/>
    <layoutConstraint xmi:type="notation:Bounds" xmi:id="_zc4XhEKGEe2DxK0TdYeneQ" x="437" y="171"/>
  </children>
  <children xmi:type="notation:Node" xmi:id="_0qeMAEKGEe2DxK0TdYeneQ" type="2005">
    <styles xmi:type="notation:DescriptionStyle" xmi:id="_0qeMAUKGEe2DxK0TdYeneQ"/>
    <styles xmi:type="notation:FontStyle" xmi:id="_0qeMAkKGEe2DxK0TdYeneQ" fontName="Segoe UI"/>
    <styles xmi:type="notation:FillStyle" xmi:id="_0qeMA0KGEe2DxK0TdYeneQ"/>
    <element xmi:type="map:Join" href="resource.map#_0pVjkEKGEe2DxK0TdYeneQ?fileId=_NmV7EEKEEe2DxK0TdYeneQ$type=map?"/>
    <layoutConstraint xmi:type="notation:Bounds" xmi:id="_0qeMBEKGEe2DxK0TdYeneQ" x="437" y="258"/>
  </children>
  <children xmi:type="notation:Shape" xmi:id="_3pm50EKKEe2DxK0TdYeneQ" type="Note" fontName="Segoe UI" description="trim(T_CUSTOMER.CUS_FIRST_NAME) ||''|| upper(trim(T_CUSTOMER.CUS_LAST_NAME))" fillColor="13369343" transparency="0" lineColor="6737151" lineWidth="1">
    <children xmi:type="notation:BasicDecorationNode" xmi:id="_3psZYEKKEe2DxK0TdYeneQ" type="DiagramName">
      <element xsi:nil="true"/>
    </children>
    <children xmi:type="notation:BasicDecorationNode" xmi:id="_3ptAcEKKEe2DxK0TdYeneQ" type="Description">
      <element xsi:nil="true"/>
    </children>
    <styles xmi:type="notation:TextStyle" xmi:id="_3pm50UKKEe2DxK0TdYeneQ"/>
    <styles xmi:type="notation:LineTypeStyle" xmi:id="_3pm50kKKEe2DxK0TdYeneQ"/>
    <element xsi:nil="true"/>
    <layoutConstraint xmi:type="notation:Bounds" xmi:id="_3pm500KKEe2DxK0TdYeneQ" x="30" y="30"/>
  </children>
  <children xmi:type="notation:Shape" xmi:id="_s5mQsEKGEe2DxK0TdYeneQ" type="2004" fontName="Segoe UI">
    <children xmi:type="notation:DecorationNode" xmi:id="_s5mQskKGEe2DxK0TdYeneQ" type="5005"/>
    <children xmi:type="notation:DecorationNode" xmi:id="_s5mQs0KGEe2DxK0TdYeneQ" type="5007"/>
    <children xmi:type="notation:DecorationNode" xmi:id="_s5mQtEKGEe2DxK0TdYeneQ" type="7003"/>
    <children xmi:type="notation:DecorationNode" xmi:id="_s5mQtUKGEe2DxK0TdYeneQ" type="7009"/>
    <children xmi:type="notation:BasicCompartment" xmi:id="_s5m3wEKGEe2DxK0TdYeneQ" type="7004">
      <styles xmi:type="notation:SortingStyle" xmi:id="_s5m3wUKGEe2DxK0TdYeneQ"/>
      <styles xmi:type="notation:FilteringStyle" xmi:id="_s5m3wkKGEe2DxK0TdYeneQ"/>
    </children>
    <children xmi:type="notation:DecorationNode" xmi:id="_s5m3w0KGEe2DxK0TdYeneQ" type="5009">
      <styles xmi:type="notation:DrawerStyle" xmi:id="_s5m3xEKGEe2DxK0TdYeneQ"/>
    </children>
    <children xmi:type="notation:DecorationNode" xmi:id="_s5m3xUKGEe2DxK0TdYeneQ" type="7005">
      <styles xmi:type="notation:SortingStyle" xmi:id="_s5m3xkKGEe2DxK0TdYeneQ"/>
      <styles xmi:type="notation:FilteringStyle" xmi:id="_s5m3x0KGEe2DxK0TdYeneQ"/>
    </children>
    <children xmi:type="notation:BasicCompartment" xmi:id="_s5m3yEKGEe2DxK0TdYeneQ" type="7007"/>
    <element xmi:type="map:Datastore" href="resource.map#_s5XnMEKGEe2DxK0TdYeneQ?fileId=_NmV7EEKEEe2DxK0TdYeneQ$type=map?"/>
    <layoutConstraint xmi:type="notation:Bounds" xmi:id="_s5mQsUKGEe2DxK0TdYeneQ" x="503" y="279"/>
  </children>
  <children xmi:type="notation:Shape" xmi:id="_t8ScwEKGEe2DxK0TdYeneQ" type="2004" fontName="Segoe UI">
    <children xmi:type="notation:DecorationNode" xmi:id="_t8TD0EKGEe2DxK0TdYeneQ" type="5005"/>
    <children xmi:type="notation:DecorationNode" xmi:id="_t8TD0UKGEe2DxK0TdYeneQ" type="5007"/>
    <children xmi:type="notation:DecorationNode" xmi:id="_t8TD0kKGEe2DxK0TdYeneQ" type="7003"/>
    <children xmi:type="notation:DecorationNode" xmi:id="_t8TD00KGEe2DxK0TdYeneQ" type="7009"/>
    <children xmi:type="notation:BasicCompartment" xmi:id="_t8TD1EKGEe2DxK0TdYeneQ" type="7004">
      <styles xmi:type="notation:SortingStyle" xmi:id="_t8TD1UKGEe2DxK0TdYeneQ"/>
      <styles xmi:type="notation:FilteringStyle" xmi:id="_t8TD1kKGEe2DxK0TdYeneQ"/>
    </children>
    <children xmi:type="notation:DecorationNode" xmi:id="_t8TD10KGEe2DxK0TdYeneQ" type="5009">
      <styles xmi:type="notation:DrawerStyle" xmi:id="_t8TD2EKGEe2DxK0TdYeneQ"/>
    </children>
    <children xmi:type="notation:DecorationNode" xmi:id="_t8TD2UKGEe2DxK0TdYeneQ" type="7005">
      <styles xmi:type="notation:SortingStyle" xmi:id="_t8TD2kKGEe2DxK0TdYeneQ"/>
      <styles xmi:type="notation:FilteringStyle" xmi:id="_t8TD20KGEe2DxK0TdYeneQ"/>
    </children>
    <children xmi:type="notation:BasicCompartment" xmi:id="_t8TD3EKGEe2DxK0TdYeneQ" type="7007"/>
    <element xmi:type="map:Datastore" href="resource.map#_t8B-EEKGEe2DxK0TdYeneQ?fileId=_NmV7EEKEEe2DxK0TdYeneQ$type=map?"/>
    <layoutConstraint xmi:type="notation:Bounds" xmi:id="_t8ScwUKGEe2DxK0TdYeneQ" x="785" y="80"/>
  </children>
  <children xmi:type="notation:Shape" xmi:id="_rfGeEEKFEe2DxK0TdYeneQ" type="2004" fontName="Segoe UI">
    <children xmi:type="notation:DecorationNode" xmi:id="_rfHsMEKFEe2DxK0TdYeneQ" type="5005"/>
    <children xmi:type="notation:DecorationNode" xmi:id="_rfHsMUKFEe2DxK0TdYeneQ" type="5007"/>
    <children xmi:type="notation:DecorationNode" xmi:id="_rfHsMkKFEe2DxK0TdYeneQ" type="7003"/>
    <children xmi:type="notation:DecorationNode" xmi:id="_rfHsM0KFEe2DxK0TdYeneQ" type="7009"/>
    <children xmi:type="notation:BasicCompartment" xmi:id="_rfHsNEKFEe2DxK0TdYeneQ" type="7004">
      <styles xmi:type="notation:SortingStyle" xmi:id="_rfHsNUKFEe2DxK0TdYeneQ"/>
      <styles xmi:type="notation:FilteringStyle" xmi:id="_rfHsNkKFEe2DxK0TdYeneQ"/>
    </children>
    <children xmi:type="notation:DecorationNode" xmi:id="_rfITQEKFEe2DxK0TdYeneQ" type="5009">
      <styles xmi:type="notation:DrawerStyle" xmi:id="_rfITQUKFEe2DxK0TdYeneQ"/>
    </children>
    <children xmi:type="notation:DecorationNode" xmi:id="_rfITQkKFEe2DxK0TdYeneQ" type="7005">
      <styles xmi:type="notation:SortingStyle" xmi:id="_rfITQ0KFEe2DxK0TdYeneQ"/>
      <styles xmi:type="notation:FilteringStyle" xmi:id="_rfITREKFEe2DxK0TdYeneQ"/>
    </children>
    <children xmi:type="notation:BasicCompartment" xmi:id="_rfRdMEKFEe2DxK0TdYeneQ" type="7007"/>
    <children xmi:type="notation:DecorationNode" xmi:id="_rfSEQEKFEe2DxK0TdYeneQ" type="5009">
      <styles xmi:type="notation:DrawerStyle" xmi:id="_rfSEQUKFEe2DxK0TdYeneQ"/>
    </children>
    <element xmi:type="map:Datastore" href="resource.map#_reTz4EKFEe2DxK0TdYeneQ?fileId=_NmV7EEKEEe2DxK0TdYeneQ$type=map?"/>
    <layoutConstraint xmi:type="notation:Bounds" xmi:id="_rfGeEUKFEe2DxK0TdYeneQ" x="1004" y="116"/>
  </children>
  <children xmi:type="notation:Shape" xmi:id="_p41OYEKGEe2DxK0TdYeneQ" type="2004" fontName="Segoe UI">
    <children xmi:type="notation:DecorationNode" xmi:id="_p411cEKGEe2DxK0TdYeneQ" type="5005"/>
    <children xmi:type="notation:DecorationNode" xmi:id="_p411cUKGEe2DxK0TdYeneQ" type="5007"/>
    <children xmi:type="notation:DecorationNode" xmi:id="_p411ckKGEe2DxK0TdYeneQ" type="7003"/>
    <children xmi:type="notation:DecorationNode" xmi:id="_p411c0KGEe2DxK0TdYeneQ" type="7009"/>
    <children xmi:type="notation:BasicCompartment" xmi:id="_p411dEKGEe2DxK0TdYeneQ" type="7004">
      <styles xmi:type="notation:SortingStyle" xmi:id="_p411dUKGEe2DxK0TdYeneQ"/>
      <styles xmi:type="notation:FilteringStyle" xmi:id="_p411dkKGEe2DxK0TdYeneQ"/>
    </children>
    <children xmi:type="notation:DecorationNode" xmi:id="_p42cgEKGEe2DxK0TdYeneQ" type="5009">
      <styles xmi:type="notation:DrawerStyle" xmi:id="_p42cgUKGEe2DxK0TdYeneQ"/>
    </children>
    <children xmi:type="notation:DecorationNode" xmi:id="_p42cgkKGEe2DxK0TdYeneQ" type="7005">
      <styles xmi:type="notation:SortingStyle" xmi:id="_p42cg0KGEe2DxK0TdYeneQ"/>
      <styles xmi:type="notation:FilteringStyle" xmi:id="_p42chEKGEe2DxK0TdYeneQ"/>
    </children>
    <children xmi:type="notation:BasicCompartment" xmi:id="_p42chUKGEe2DxK0TdYeneQ" type="7007">
      <children xmi:type="notation:Node" xmi:id="_wB4BgEKMEe2DxK0TdYeneQ" type="3012">
        <element xmi:type="map:ComputedField" href="resource.map#_wBbVkEKMEe2DxK0TdYeneQ?fileId=_NmV7EEKEEe2DxK0TdYeneQ$type=map?"/>
        <layoutConstraint xmi:type="notation:Location" xmi:id="_wB4BgUKMEe2DxK0TdYeneQ"/>
      </children>
      <children xmi:type="notation:Node" xmi:id="_hkxpUEKNEe2DxK0TdYeneQ" type="3012">
        <element xmi:type="map:ComputedField" href="resource.map#_hkc5MEKNEe2DxK0TdYeneQ?fileId=_NmV7EEKEEe2DxK0TdYeneQ$type=map?"/>
        <layoutConstraint xmi:type="notation:Location" xmi:id="_hkxpUUKNEe2DxK0TdYeneQ"/>
      </children>
      <children xmi:type="notation:Node" xmi:id="_h3piAEKNEe2DxK0TdYeneQ" type="3012">
        <element xmi:type="map:ComputedField" href="resource.map#_h3OrQEKNEe2DxK0TdYeneQ?fileId=_NmV7EEKEEe2DxK0TdYeneQ$type=map?"/>
        <layoutConstraint xmi:type="notation:Location" xmi:id="_h3piAUKNEe2DxK0TdYeneQ"/>
      </children>
    </children>
    <element xmi:type="map:Datastore" href="resource.map#_p4fQIEKGEe2DxK0TdYeneQ?fileId=_NmV7EEKEEe2DxK0TdYeneQ$type=map?"/>
    <layoutConstraint xmi:type="notation:Bounds" xmi:id="_p41OYUKGEe2DxK0TdYeneQ" x="32" y="122"/>
  </children>
  <children xmi:type="notation:Shape" xmi:id="_qZJGIEKGEe2DxK0TdYeneQ" type="2004" fontName="Segoe UI">
    <children xmi:type="notation:DecorationNode" xmi:id="_qZJGIkKGEe2DxK0TdYeneQ" type="5005"/>
    <children xmi:type="notation:DecorationNode" xmi:id="_qZJGI0KGEe2DxK0TdYeneQ" type="5007"/>
    <children xmi:type="notation:DecorationNode" xmi:id="_qZJGJEKGEe2DxK0TdYeneQ" type="7003"/>
    <children xmi:type="notation:DecorationNode" xmi:id="_qZJtMEKGEe2DxK0TdYeneQ" type="7009"/>
    <children xmi:type="notation:BasicCompartment" xmi:id="_qZJtMUKGEe2DxK0TdYeneQ" type="7004">
      <styles xmi:type="notation:SortingStyle" xmi:id="_qZJtMkKGEe2DxK0TdYeneQ"/>
      <styles xmi:type="notation:FilteringStyle" xmi:id="_qZJtM0KGEe2DxK0TdYeneQ"/>
    </children>
    <children xmi:type="notation:DecorationNode" xmi:id="_qZJtNEKGEe2DxK0TdYeneQ" type="5009">
      <styles xmi:type="notation:DrawerStyle" xmi:id="_qZJtNUKGEe2DxK0TdYeneQ"/>
    </children>
    <children xmi:type="notation:DecorationNode" xmi:id="_qZJtNkKGEe2DxK0TdYeneQ" type="7005">
      <styles xmi:type="notation:SortingStyle" xmi:id="_qZJtN0KGEe2DxK0TdYeneQ"/>
      <styles xmi:type="notation:FilteringStyle" xmi:id="_qZJtOEKGEe2DxK0TdYeneQ"/>
    </children>
    <children xmi:type="notation:BasicCompartment" xmi:id="_qZJtOUKGEe2DxK0TdYeneQ" type="7007"/>
    <element xmi:type="map:Datastore" href="resource.map#_qY1kIEKGEe2DxK0TdYeneQ?fileId=_NmV7EEKEEe2DxK0TdYeneQ$type=map?"/>
    <layoutConstraint xmi:type="notation:Bounds" xmi:id="_qZJGIUKGEe2DxK0TdYeneQ" x="503" y="32"/>
  </children>
  <styles xmi:type="notation:DiagramStyle" xmi:id="_N9B8wUKEEe2DxK0TdYeneQ"/>
  <element xmi:type="map:Map" href="resource.map#_NmV7EEKEEe2DxK0TdYeneQ?fileId=_NmV7EEKEEe2DxK0TdYeneQ$type=map$name=Load%20DIM_CUSTOMER?"/>
  <edges xmi:type="notation:Edge" xmi:id="_zdHBAEKGEe2DxK0TdYeneQ" type="joinLink" source="_zc4XgEKGEe2DxK0TdYeneQ" target="_p41OYEKGEe2DxK0TdYeneQ">
    <element xsi:nil="true"/>
    <bendpoints xmi:type="notation:RelativeBendpoints" xmi:id="_zdHBAUKGEe2DxK0TdYeneQ" points="[17, 0, 413, 91]$[77, 0, 473, 91]"/>
  </edges>
  <edges xmi:type="notation:Edge" xmi:id="_zdI2MEKGEe2DxK0TdYeneQ" type="joinLink" source="_zc4XgEKGEe2DxK0TdYeneQ" target="_qZJGIEKGEe2DxK0TdYeneQ">
    <element xsi:nil="true"/>
    <bendpoints xmi:type="notation:RelativeBendpoints" xmi:id="_zdI2MUKGEe2DxK0TdYeneQ" points="[17, 0, 418, -209]$[77, 0, 478, -209]"/>
  </edges>
  <edges xmi:type="notation:Edge" xmi:id="_0qjrkEKGEe2DxK0TdYeneQ" type="joinLink" source="_0qeMAEKGEe2DxK0TdYeneQ" target="_p41OYEKGEe2DxK0TdYeneQ">
    <element xsi:nil="true"/>
    <bendpoints xmi:type="notation:RelativeBendpoints" xmi:id="_0qjrkUKGEe2DxK0TdYeneQ" points="[17, -4, 413, 2]$[77, 63, 473, 69]"/>
  </edges>
  <edges xmi:type="notation:Edge" xmi:id="_0qmH0EKGEe2DxK0TdYeneQ" type="joinLink" source="_0qeMAEKGEe2DxK0TdYeneQ" target="_s5mQsEKGEe2DxK0TdYeneQ">
    <element xsi:nil="true"/>
    <bendpoints xmi:type="notation:RelativeBendpoints" xmi:id="_0qmH0UKGEe2DxK0TdYeneQ" points="[17, 4, 53, 31]$[77, 74, 113, 101]"/>
  </edges>
  <edges xmi:type="notation:Edge" xmi:id="_13Xc8EKGEe2DxK0TdYeneQ" type="joinLink" source="_13RWUEKGEe2DxK0TdYeneQ" target="_t8ScwEKGEe2DxK0TdYeneQ">
    <element xsi:nil="true"/>
    <bendpoints xmi:type="notation:RelativeBendpoints" xmi:id="_13Xc8UKGEe2DxK0TdYeneQ" points="[17, -4, 149, -73]$[77, -83, 209, -152]"/>
  </edges>
  <edges xmi:type="notation:Edge" xmi:id="_13YrEEKGEe2DxK0TdYeneQ" type="joinLink" source="_13RWUEKGEe2DxK0TdYeneQ" target="_qZJGIEKGEe2DxK0TdYeneQ">
    <element xsi:nil="true"/>
    <bendpoints xmi:type="notation:RelativeBendpoints" xmi:id="_13YrEUKGEe2DxK0TdYeneQ" points="[17, 4, 418, -53]$[77, -70, 478, -127]"/>
  </edges>
  <edges xmi:type="notation:Edge" xmi:id="_6WVioEKGEe2DxK0TdYeneQ" type="targetLink" source="_rfGeEEKFEe2DxK0TdYeneQ" target="_p41OYEKGEe2DxK0TdYeneQ">
    <element xsi:nil="true"/>
    <bendpoints xmi:type="notation:RelativeBendpoints" xmi:id="_6WVioUKGEe2DxK0TdYeneQ" points="[0, 0, 259, 261]$[-61, -109, 198, 152]$[-259, -261, 0, 0]"/>
  </edges>
  <edges xmi:type="notation:Edge" xmi:id="_6WabIEKGEe2DxK0TdYeneQ" type="targetDataSetLink" source="_rfGeEEKFEe2DxK0TdYeneQ" target="_rfGeEEKFEe2DxK0TdYeneQ">
    <element xmi:type="map:DataSet" href="resource.map#_qZBKUEKGEe2DxK0TdYeneQ?fileId=_NmV7EEKEEe2DxK0TdYeneQ$type=map?"/>
    <bendpoints xmi:type="notation:RelativeBendpoints" xmi:id="_6WabIUKGEe2DxK0TdYeneQ" points="[0, 0, 0, 0]$[0, 0, 0, 0]"/>
  </edges>
  <edges xmi:type="notation:Edge" xmi:id="_6WcQUEKGEe2DxK0TdYeneQ" type="targetSetLink" source="_rfGeEEKFEe2DxK0TdYeneQ" target="_rfGeEEKFEe2DxK0TdYeneQ">
    <element xmi:type="map:SetDescriptor" href="resource.map#_6UWloEKGEe2DxK0TdYeneQ?fileId=_NmV7EEKEEe2DxK0TdYeneQ$type=map?"/>
    <bendpoints xmi:type="notation:RelativeBendpoints" xmi:id="_6WcQUUKGEe2DxK0TdYeneQ" points="[0, 0, 0, 0]$[0, 0, 0, 0]"/>
  </edges>
  <edges xmi:type="notation:Edge" xmi:id="_7a-2gEKGEe2DxK0TdYeneQ" type="targetLink" source="_rfGeEEKFEe2DxK0TdYeneQ" target="_s5mQsEKGEe2DxK0TdYeneQ">
    <element xsi:nil="true"/>
    <bendpoints xmi:type="notation:RelativeBendpoints" xmi:id="_7a-2gUKGEe2DxK0TdYeneQ" points="[0, 0, 488, 88]$[-94, 0, 394, 88]$[-155, -49, 333, 39]$[-488, -88, 0, 0]"/>
  </edges>
  <edges xmi:type="notation:Edge" xmi:id="_-4v94EKGEe2DxK0TdYeneQ" type="targetLink" source="_rfGeEEKFEe2DxK0TdYeneQ" target="_t8ScwEKGEe2DxK0TdYeneQ">
    <element xsi:nil="true"/>
    <bendpoints xmi:type="notation:RelativeBendpoints" xmi:id="_-4v94UKGEe2DxK0TdYeneQ" points="[0, 0, 461, -312]$[-61, 114, 400, -198]$[-155, 232, 306, -80]$[-461, 312, 0, 0]"/>
  </edges>
</notation:Diagram>
]]></diagram>
</map:map>