<?xml version="1.0" encoding="UTF-8"?>
<map:map xmlns:map="http://www.indy.com/v2/map" id="_0sbm4D6AEe2qsNoEoNlFdg" internalVersion="8" tech="resource.tech#_waYSMH8VEd2__Mzb_dB76A?fileId=_waYSMH8VEd2__Mzb_dB76A$type=tech$name=flow?">
  <datastore id="_lphy8D6BEe2qsNoEoNlFdg" alias="dim_payment_type" dataset="_lpuAMD6BEe2qsNoEoNlFdg" ref="resource.md#_32ihUD5SEe2qsNoEoNlFdg?fileId=_s0M1QD5SEe2qsNoEoNlFdg$type=md$name=dim_payment_type?" subExpression="[A]">
    <field id="_lpn5kD6BEe2qsNoEoNlFdg" enable="true" insert="true" name="pmt_code" ref="resource.md#_32xK0D5SEe2qsNoEoNlFdg?fileId=_s0M1QD5SEe2qsNoEoNlFdg$type=md$name=pmt_code?" update="true" updateKey="true">
      <expression id="_oEc9QD6BEe2qsNoEoNlFdg" setDescriptorRef="_oEcWMD6BEe2qsNoEoNlFdg">
        <expression>T_PAYMENT_TYPE.PMT_CODE</expression>
      </expression>
    </field>
    <field id="_lpn5kT6BEe2qsNoEoNlFdg" enable="true" insert="true" name="pmt_name" ref="resource.md#_325tsD5SEe2qsNoEoNlFdg?fileId=_s0M1QD5SEe2qsNoEoNlFdg$type=md$name=pmt_name?" update="true">
      <expression id="_oEdkUD6BEe2qsNoEoNlFdg" setDescriptorRef="_oEcWMD6BEe2qsNoEoNlFdg">
        <expression>T_PAYMENT_TYPE.PMT_NAME</expression>
      </expression>
    </field>
    <field id="_lpogoD6BEe2qsNoEoNlFdg" enable="true" insert="true" name="pmt_description" ref="resource.md#_33F68T5SEe2qsNoEoNlFdg?fileId=_s0M1QD5SEe2qsNoEoNlFdg$type=md$name=pmt_description?" update="true">
      <expression id="_oEeLYD6BEe2qsNoEoNlFdg" setDescriptorRef="_oEcWMD6BEe2qsNoEoNlFdg">
        <expression>T_PAYMENT_TYPE.PMT_DESCRIPTION</expression>
      </expression>
    </field>
    <constraint id="_lpogoT6BEe2qsNoEoNlFdg" name="pk_dim_payment_type" ref="resource.md#_33VLgD5SEe2qsNoEoNlFdg?fileId=_s0M1QD5SEe2qsNoEoNlFdg$type=md$name=pk_dim_payment_type?" reject="true"/>
    <setDescriptor id="_oEcWMD6BEe2qsNoEoNlFdg" label="A"/>
  </datastore>
  <datastore id="_nPmY4D6BEe2qsNoEoNlFdg" alias="T_PAYMENT_TYPE" dataset="_nPu7wD6BEe2qsNoEoNlFdg" ref="resource.md#_jS63AD54Ee2qsNoEoNlFdg?fileId=_eu0ZsD54Ee2qsNoEoNlFdg$type=md$name=T_PAYMENT_TYPE?">
    <field id="_nPnnAD6BEe2qsNoEoNlFdg" fullAlias="PMT_CODE" name="PMT_CODE" ref="resource.md#_jTEA8D54Ee2qsNoEoNlFdg?fileId=_eu0ZsD54Ee2qsNoEoNlFdg$type=md$name=PMT_CODE?" updateKey="true"/>
    <field id="_nPoOED6BEe2qsNoEoNlFdg" fullAlias="PMT_DESCRIPTION" name="PMT_DESCRIPTION" ref="resource.md#_jTFPED54Ee2qsNoEoNlFdg?fileId=_eu0ZsD54Ee2qsNoEoNlFdg$type=md$name=PMT_DESCRIPTION?"/>
    <field id="_nPnnAT6BEe2qsNoEoNlFdg" fullAlias="PMT_NAME" name="PMT_NAME" ref="resource.md#_jTEoAD54Ee2qsNoEoNlFdg?fileId=_eu0ZsD54Ee2qsNoEoNlFdg$type=md$name=PMT_NAME?"/>
    <field id="_nPoOET6BEe2qsNoEoNlFdg" fullAlias="PMT_ACTIVE" name="PMT_ACTIVE" ref="resource.md#_jTF2ID54Ee2qsNoEoNlFdg?fileId=_eu0ZsD54Ee2qsNoEoNlFdg$type=md$name=PMT_ACTIVE?"/>
    <constraint id="_nPoOEj6BEe2qsNoEoNlFdg" name="PK_T_PAYMENT_TYPE" ref="resource.md#_jTJggD54Ee2qsNoEoNlFdg?fileId=_eu0ZsD54Ee2qsNoEoNlFdg$type=md$name=PK_T_PAYMENT_TYPE?" reject="true"/>
  </datastore>
  <filter id="_osdYcD6BEe2qsNoEoNlFdg" location="SRC">
    <expression>T_PAYMENT_TYPE.PMT_ACTIVE = 1</expression>
  </filter>
  <template id="_oEgnoD6BEe2qsNoEoNlFdg" name="I_dim_payment_type" process="resource.proc#_dQ2dRp4SEd6bQIkgWyxFQQ?fileId=_dQ2dRp4SEd6bQIkgWyxFQQ$type=proc$name=INTEGRATION%20PostgreSql?" targetId="_lphy8D6BEe2qsNoEoNlFdg"/>
  <template id="_oFdp4D6BEe2qsNoEoNlFdg" name="L1_dim_payment_type" process="resource.proc#_aafbe681-11ab-4ebc-ab56-de794128c580?fileId=_aafbe681-11ab-4ebc-ab56-de794128c580$type=proc$name=LOAD%20Rdbms%20to%20Rdbms?" sourceId="_nPmY4D6BEe2qsNoEoNlFdg" targetId="_lphy8D6BEe2qsNoEoNlFdg"/>
  <dataSet id="_lpuAMD6BEe2qsNoEoNlFdg">
    <container>_lphy8D6BEe2qsNoEoNlFdg</container>
  </dataSet>
  <dataSet id="_nPu7wD6BEe2qsNoEoNlFdg">
    <container>_nPmY4D6BEe2qsNoEoNlFdg</container>
  </dataSet>
  <hint>
    <usedField>#_nPnnAD6BEe2qsNoEoNlFdg</usedField>
    <usedField>#_nPoOED6BEe2qsNoEoNlFdg</usedField>
    <usedField>#_nPnnAT6BEe2qsNoEoNlFdg</usedField>
    <usedField>#_nPoOET6BEe2qsNoEoNlFdg</usedField>
  </hint>
  <diagram><![CDATA[<?xml version="1.0" encoding="UTF-8"?>
<notation:Diagram xmi:version="2.0" xmlns:xmi="http://www.omg.org/XMI" xmlns:xsi="http://www.w3.org/2001/XMLSchema-instance" xmlns:map="http://www.indy.com/v2/map" xmlns:notation="http://www.eclipse.org/gmf/runtime/1.0.1/notation" xsi:schemaLocation="http://www.eclipse.org/gmf/runtime/1.0.1/notation " xmi:id="_01QLsD6AEe2qsNoEoNlFdg" type="Map" measurementUnit="Pixel">
  <children xmi:type="notation:Shape" xmi:id="_nPymID6BEe2qsNoEoNlFdg" type="2004" fontName="Segoe UI">
    <children xmi:type="notation:DecorationNode" xmi:id="_nPymIj6BEe2qsNoEoNlFdg" type="5005"/>
    <children xmi:type="notation:DecorationNode" xmi:id="_nPymIz6BEe2qsNoEoNlFdg" type="5007"/>
    <children xmi:type="notation:DecorationNode" xmi:id="_nPymJD6BEe2qsNoEoNlFdg" type="7003"/>
    <children xmi:type="notation:DecorationNode" xmi:id="_nPymJT6BEe2qsNoEoNlFdg" type="7009"/>
    <children xmi:type="notation:BasicCompartment" xmi:id="_nPymJj6BEe2qsNoEoNlFdg" type="7004">
      <styles xmi:type="notation:SortingStyle" xmi:id="_nPymJz6BEe2qsNoEoNlFdg"/>
      <styles xmi:type="notation:FilteringStyle" xmi:id="_nPymKD6BEe2qsNoEoNlFdg"/>
    </children>
    <children xmi:type="notation:DecorationNode" xmi:id="_nPymKT6BEe2qsNoEoNlFdg" type="5009">
      <styles xmi:type="notation:DrawerStyle" xmi:id="_nPymKj6BEe2qsNoEoNlFdg"/>
    </children>
    <children xmi:type="notation:DecorationNode" xmi:id="_nPymKz6BEe2qsNoEoNlFdg" type="7005">
      <styles xmi:type="notation:SortingStyle" xmi:id="_nPymLD6BEe2qsNoEoNlFdg"/>
      <styles xmi:type="notation:FilteringStyle" xmi:id="_nPymLT6BEe2qsNoEoNlFdg"/>
    </children>
    <children xmi:type="notation:BasicCompartment" xmi:id="_nPymLj6BEe2qsNoEoNlFdg" type="7007"/>
    <element xmi:type="map:Datastore" href="resource.map#_nPmY4D6BEe2qsNoEoNlFdg?fileId=_0sbm4D6AEe2qsNoEoNlFdg$type=map?"/>
    <layoutConstraint xmi:type="notation:Bounds" xmi:id="_nPymIT6BEe2qsNoEoNlFdg" x="157" y="112"/>
  </children>
  <children xmi:type="notation:Node" xmi:id="_oymcsD6BEe2qsNoEoNlFdg" type="2002">
    <styles xmi:type="notation:DescriptionStyle" xmi:id="_oymcsT6BEe2qsNoEoNlFdg"/>
    <styles xmi:type="notation:FontStyle" xmi:id="_oymcsj6BEe2qsNoEoNlFdg" fontName="Segoe UI"/>
    <styles xmi:type="notation:FillStyle" xmi:id="_oymcsz6BEe2qsNoEoNlFdg"/>
    <element xmi:type="map:Filter" href="resource.map#_osdYcD6BEe2qsNoEoNlFdg?fileId=_0sbm4D6AEe2qsNoEoNlFdg$type=map?"/>
    <layoutConstraint xmi:type="notation:Bounds" xmi:id="_oymctD6BEe2qsNoEoNlFdg" x="360" y="42"/>
  </children>
  <children xmi:type="notation:Shape" xmi:id="_lp0G0D6BEe2qsNoEoNlFdg" type="2004" fontName="Segoe UI">
    <children xmi:type="notation:DecorationNode" xmi:id="_lp0G0j6BEe2qsNoEoNlFdg" type="5005"/>
    <children xmi:type="notation:DecorationNode" xmi:id="_lp0G0z6BEe2qsNoEoNlFdg" type="5007"/>
    <children xmi:type="notation:DecorationNode" xmi:id="_lp0G1D6BEe2qsNoEoNlFdg" type="7003"/>
    <children xmi:type="notation:DecorationNode" xmi:id="_lp0G1T6BEe2qsNoEoNlFdg" type="7009"/>
    <children xmi:type="notation:BasicCompartment" xmi:id="_lp0G1j6BEe2qsNoEoNlFdg" type="7004">
      <styles xmi:type="notation:SortingStyle" xmi:id="_lp0G1z6BEe2qsNoEoNlFdg"/>
      <styles xmi:type="notation:FilteringStyle" xmi:id="_lp0G2D6BEe2qsNoEoNlFdg"/>
    </children>
    <children xmi:type="notation:DecorationNode" xmi:id="_lp0G2T6BEe2qsNoEoNlFdg" type="5009">
      <styles xmi:type="notation:DrawerStyle" xmi:id="_lp0G2j6BEe2qsNoEoNlFdg"/>
    </children>
    <children xmi:type="notation:DecorationNode" xmi:id="_lp0G2z6BEe2qsNoEoNlFdg" type="7005">
      <styles xmi:type="notation:SortingStyle" xmi:id="_lp0G3D6BEe2qsNoEoNlFdg"/>
      <styles xmi:type="notation:FilteringStyle" xmi:id="_lp0G3T6BEe2qsNoEoNlFdg"/>
    </children>
    <children xmi:type="notation:BasicCompartment" xmi:id="_lp0t4D6BEe2qsNoEoNlFdg" type="7007"/>
    <element xmi:type="map:Datastore" href="resource.map#_lphy8D6BEe2qsNoEoNlFdg?fileId=_0sbm4D6AEe2qsNoEoNlFdg$type=map?"/>
    <layoutConstraint xmi:type="notation:Bounds" xmi:id="_lp0G0T6BEe2qsNoEoNlFdg" x="518" y="98"/>
  </children>
  <styles xmi:type="notation:DiagramStyle" xmi:id="_01QLsT6AEe2qsNoEoNlFdg"/>
  <element xmi:type="map:Map" href="resource.map#_0sbm4D6AEe2qsNoEoNlFdg?fileId=_0sbm4D6AEe2qsNoEoNlFdg$type=map$name=Load%20DIM_PAYMENT_TYPE?"/>
  <edges xmi:type="notation:Edge" xmi:id="_oFSDsD6BEe2qsNoEoNlFdg" type="targetLink" source="_lp0G0D6BEe2qsNoEoNlFdg" target="_nPymID6BEe2qsNoEoNlFdg">
    <element xsi:nil="true"/>
    <bendpoints xmi:type="notation:RelativeBendpoints" xmi:id="_oFSDsT6BEe2qsNoEoNlFdg" points="[-87, 1, 354, 0]$[-346, 0, 95, -1]"/>
  </edges>
  <edges xmi:type="notation:Edge" xmi:id="_oFT44D6BEe2qsNoEoNlFdg" type="targetDataSetLink" source="_lp0G0D6BEe2qsNoEoNlFdg" target="_lp0G0D6BEe2qsNoEoNlFdg">
    <element xmi:type="map:DataSet" href="resource.map#_nPu7wD6BEe2qsNoEoNlFdg?fileId=_0sbm4D6AEe2qsNoEoNlFdg$type=map?"/>
    <bendpoints xmi:type="notation:RelativeBendpoints" xmi:id="_oFT44T6BEe2qsNoEoNlFdg" points="[0, 0, 0, 0]$[0, 0, 0, 0]"/>
  </edges>
  <edges xmi:type="notation:Edge" xmi:id="_oFUf8D6BEe2qsNoEoNlFdg" type="targetSetLink" source="_lp0G0D6BEe2qsNoEoNlFdg" target="_lp0G0D6BEe2qsNoEoNlFdg">
    <element xmi:type="map:SetDescriptor" href="resource.map#_oEcWMD6BEe2qsNoEoNlFdg?fileId=_0sbm4D6AEe2qsNoEoNlFdg$type=map?"/>
    <bendpoints xmi:type="notation:RelativeBendpoints" xmi:id="_oFUf8T6BEe2qsNoEoNlFdg" points="[0, 0, 0, 0]$[0, 0, 0, 0]"/>
  </edges>
  <edges xmi:type="notation:Edge" xmi:id="_wzPAgD9sEe2lOtAB1hS8uw" type="joinLink" source="_oymcsD6BEe2qsNoEoNlFdg" target="_nPymID6BEe2qsNoEoNlFdg">
    <element xsi:nil="true"/>
    <bendpoints xmi:type="notation:RelativeBendpoints" xmi:id="_wzPAgT9sEe2lOtAB1hS8uw" points="[-15, 12, 108, -94]$[-64, 55, 59, -51]"/>
  </edges>
</notation:Diagram>
]]></diagram>
</map:map>